{"aggs":{"front_matter_keys":{"filter":{"bool":{"must":[{"bool":{"must":[{"bool":{"filter":[{"bool":{"should":[{"bool":{"filter":[{"term":{"browse_condition_mesh_terms":"Foo"}}]}},{"bool":{"filter":[{"term":{"browse_condition_mesh_terms":"Bar"}}]}}]}}]}},{"bool":{"filter":[]}}]}}]}},"aggs":{"front_matter_keys":{"terms":{"field":"front_matter_keys","size":1000000,"order":{"_term":"asc"},"missing":"-99999999999"},"aggs":{"agg_bucket_sort":{"bucket_sort":{"from":0,"size":25,"sort":[]}}}}}}},"query":{"bool":{"must":{"query_string":{"query":"foo"}},"filter":[{"bool":{"must":[{"bool":{"filter":[{"bool":{"should":[{"bool":{"filter":[{"term":{"browse_condition_mesh_terms":"Foo"}}]}},{"bool":{"filter":[{"term":{"browse_condition_mesh_terms":"Bar"}}]}}]}}]}},{"bool":{"filter":[]}}]}}]}},"sort":[{"nct_id":"asc"}],"timeout":"11s","size":0,"from":0}