{"aggs":{"front_matter_keys":{"filter":{"bool":{"must":[{"bool":{"must":[{"bool":{"filter":[{"bool":{"should":[]}}]}},{"bool":{"filter":[{"range":{"start_date":{"from":"2010-01-01T00:00:00.000-05:00","include_lower":true}}}]}}]}}]}},"aggs":{"front_matter_keys":{"terms":{"field":"front_matter_keys","size":1000000,"order":{"_term":"asc"}},"aggs":{"agg_bucket_sort":{"bucket_sort":{"from":25,"size":25,"sort":[]}}}}}}},"query":{"bool":{"must":{"query_string":{"query":"stomach"}},"filter":[{"bool":{"must":[{"bool":{"filter":[{"bool":{"should":[]}}]}},{"bool":{"filter":[{"range":{"start_date":{"from":"2010-01-01T00:00:00.000-05:00","include_lower":true}}}]}}]}}]}},"sort":[{"nct_id":"asc"}],"timeout":"11s","size":0,"from":0}